stm32f4xx_hal_spi.c:313:19:HAL_SPI_Init	16	static
stm32f4xx_hal_spi.c:415:19:HAL_SPI_DeInit	16	static
stm32f4xx_hal_spi.c:459:13:HAL_SPI_MspInit	16	static
stm32f4xx_hal_spi.c:475:13:HAL_SPI_MspDeInit	16	static
stm32f4xx_hal_spi.c:747:19:HAL_SPI_Transmit	40	static
stm32f4xx_hal_spi.c:910:19:HAL_SPI_Receive	40	static
stm32f4xx_hal_spi.c:1101:19:HAL_SPI_TransmitReceive	56	static
stm32f4xx_hal_spi.c:1321:19:HAL_SPI_Transmit_IT	32	static
stm32f4xx_hal_spi.c:1404:19:HAL_SPI_Receive_IT	32	static
stm32f4xx_hal_spi.c:1496:19:HAL_SPI_TransmitReceive_IT	32	static
stm32f4xx_hal_spi.c:1584:19:HAL_SPI_Transmit_DMA	32	static
stm32f4xx_hal_spi.c:1690:19:HAL_SPI_Receive_DMA	32	static
stm32f4xx_hal_spi.c:1803:19:HAL_SPI_TransmitReceive_DMA	32	static
stm32f4xx_hal_spi.c:1949:19:HAL_SPI_Abort	40	static
stm32f4xx_hal_spi.c:2094:19:HAL_SPI_Abort_IT	40	static
stm32f4xx_hal_spi.c:2255:19:HAL_SPI_DMAPause	16	static
stm32f4xx_hal_spi.c:2275:19:HAL_SPI_DMAResume	16	static
stm32f4xx_hal_spi.c:2295:19:HAL_SPI_DMAStop	24	static
stm32f4xx_hal_spi.c:2335:6:HAL_SPI_IRQHandler	40	static
stm32f4xx_hal_spi.c:2442:13:HAL_SPI_TxCpltCallback	16	static
stm32f4xx_hal_spi.c:2458:13:HAL_SPI_RxCpltCallback	16	static
stm32f4xx_hal_spi.c:2474:13:HAL_SPI_TxRxCpltCallback	16	static
stm32f4xx_hal_spi.c:2490:13:HAL_SPI_TxHalfCpltCallback	16	static
stm32f4xx_hal_spi.c:2506:13:HAL_SPI_RxHalfCpltCallback	16	static
stm32f4xx_hal_spi.c:2522:13:HAL_SPI_TxRxHalfCpltCallback	16	static
stm32f4xx_hal_spi.c:2538:13:HAL_SPI_ErrorCallback	16	static
stm32f4xx_hal_spi.c:2556:13:HAL_SPI_AbortCpltCallback	16	static
stm32f4xx_hal_spi.c:2591:22:HAL_SPI_GetState	16	static
stm32f4xx_hal_spi.c:2603:10:HAL_SPI_GetError	16	static
stm32f4xx_hal_spi.c:2628:13:SPI_DMATransmitCplt	32	static
stm32f4xx_hal_spi.c:2685:13:SPI_DMAReceiveCplt	24	static
stm32f4xx_hal_spi.c:2769:13:SPI_DMATransmitReceiveCplt	24	static
stm32f4xx_hal_spi.c:2844:13:SPI_DMAHalfTransmitCplt	24	static
stm32f4xx_hal_spi.c:2862:13:SPI_DMAHalfReceiveCplt	24	static
stm32f4xx_hal_spi.c:2880:13:SPI_DMAHalfTransmitReceiveCplt	24	static
stm32f4xx_hal_spi.c:2898:13:SPI_DMAError	24	static
stm32f4xx_hal_spi.c:2921:13:SPI_DMAAbortOnError	24	static
stm32f4xx_hal_spi.c:2943:13:SPI_DMATxAbortCallback	32	static
stm32f4xx_hal_spi.c:3008:13:SPI_DMARxAbortCallback	32	static
stm32f4xx_hal_spi.c:3067:13:SPI_2linesRxISR_8BIT	16	static
stm32f4xx_hal_spi.c:3123:13:SPI_2linesTxISR_8BIT	16	static
stm32f4xx_hal_spi.c:3159:13:SPI_2linesRxISR_16BIT	16	static
stm32f4xx_hal_spi.c:3211:13:SPI_2linesTxISR_16BIT	16	static
stm32f4xx_hal_spi.c:3264:13:SPI_RxISR_8BIT	16	static
stm32f4xx_hal_spi.c:3316:13:SPI_RxISR_16BIT	16	static
stm32f4xx_hal_spi.c:3349:13:SPI_TxISR_8BIT	16	static
stm32f4xx_hal_spi.c:3374:13:SPI_TxISR_16BIT	16	static
stm32f4xx_hal_spi.c:3404:26:SPI_WaitFlagStateUntilTimeout	24	static
stm32f4xx_hal_spi.c:3454:26:SPI_EndRxTransaction	32	static
stm32f4xx_hal_spi.c:3504:26:SPI_EndRxTxTransaction	40	static
stm32f4xx_hal_spi.c:3544:13:SPI_CloseRxTx_ISR	32	static
stm32f4xx_hal_spi.c:3639:13:SPI_CloseRx_ISR	24	static
stm32f4xx_hal_spi.c:3702:13:SPI_CloseTx_ISR	32	static
stm32f4xx_hal_spi.c:3763:13:SPI_AbortRx_ISR	24	static
stm32f4xx_hal_spi.c:3796:13:SPI_AbortTx_ISR	16	static
